20:21:41.212 INFO  NativeLibraryLoader - Loading libgkl_compression.so from jar:file:/cm/shared/specific/apps/GATK/4.1.8.1-GCCcore-9.3.0-Java-1.8/gatk-package-4.1.8.1-local.jar!/com/intel/gkl/native/libgkl_compression.so
Aug 04, 2026 8:21:41 PM shaded.cloud_nio.com.google.auth.oauth2.ComputeEngineCredentials runningOnComputeEngine
INFO: Failed to detect whether we are running on Google Compute Engine.
20:21:41.439 INFO  BaseRecalibrator - ------------------------------------------------------------
20:21:41.439 INFO  BaseRecalibrator - The Genome Analysis Toolkit (GATK) v4.1.8.1
20:21:41.439 INFO  BaseRecalibrator - For support and documentation go to https://software.broadinstitute.org/gatk/
20:21:41.441 INFO  BaseRecalibrator - Executing as ccasey@d008.int.cemm.at on Linux v4.18.0-553.144.1.el8_10.x86_64 amd64
20:21:41.441 INFO  BaseRecalibrator - Java runtime: Java HotSpot(TM) 64-Bit Server VM v1.8.0_311-b11
20:21:41.441 INFO  BaseRecalibrator - Start Date/Time: August 4, 2026 8:21:41 PM CEST
20:21:41.441 INFO  BaseRecalibrator - ------------------------------------------------------------
20:21:41.441 INFO  BaseRecalibrator - ------------------------------------------------------------
20:21:41.441 INFO  BaseRecalibrator - HTSJDK Version: 2.23.0
20:21:41.441 INFO  BaseRecalibrator - Picard Version: 2.22.8
20:21:41.441 INFO  BaseRecalibrator - HTSJDK Defaults.COMPRESSION_LEVEL : 2
20:21:41.441 INFO  BaseRecalibrator - HTSJDK Defaults.USE_ASYNC_IO_READ_FOR_SAMTOOLS : false
20:21:41.441 INFO  BaseRecalibrator - HTSJDK Defaults.USE_ASYNC_IO_WRITE_FOR_SAMTOOLS : true
20:21:41.442 INFO  BaseRecalibrator - HTSJDK Defaults.USE_ASYNC_IO_WRITE_FOR_TRIBBLE : false
20:21:41.442 INFO  BaseRecalibrator - Deflater: IntelDeflater
20:21:41.442 INFO  BaseRecalibrator - Inflater: IntelInflater
20:21:41.442 INFO  BaseRecalibrator - GCS max retries/reopens: 20
20:21:41.442 INFO  BaseRecalibrator - Requester pays: disabled
20:21:41.442 INFO  BaseRecalibrator - Initializing engine
20:21:41.713 INFO  FeatureManager - Using codec VCFCodec to read file file:///nobackup/lab_ccri_bicu/internal/ccasey/projects/core/Introduction_to_Scientific_Computing/session_4/variant_calling_work_dir/../../example_data/known_sites/dbsnp_146.hg38.chr17.vcf.gz
20:21:41.743 INFO  FeatureManager - Using codec VCFCodec to read file file:///nobackup/lab_ccri_bicu/internal/ccasey/projects/core/Introduction_to_Scientific_Computing/session_4/variant_calling_work_dir/../../example_data/known_sites/Mills_and_1000G_gold_standard.indels.hg38.chr17.vcf.gz
20:21:41.843 INFO  BaseRecalibrator - Done initializing engine
20:21:41.853 INFO  BaseRecalibrationEngine - The covariates being used here: 
20:21:41.853 INFO  BaseRecalibrationEngine - 	ReadGroupCovariate
20:21:41.853 INFO  BaseRecalibrationEngine - 	QualityScoreCovariate
20:21:41.853 INFO  BaseRecalibrationEngine - 	ContextCovariate
20:21:41.853 INFO  BaseRecalibrationEngine - 	CycleCovariate
20:21:41.856 INFO  ProgressMeter - Starting traversal
20:21:41.857 INFO  ProgressMeter -        Current Locus  Elapsed Minutes       Reads Processed     Reads/Minute
20:21:52.046 INFO  ProgressMeter -       chr17:30216135              0.2                 31000         182639.4
20:22:02.135 INFO  ProgressMeter -       chr17:75892832              0.3                 75000         222068.7
20:22:05.436 INFO  BaseRecalibrator - 5035 read(s) filtered by: MappingQualityNotZeroReadFilter 
0 read(s) filtered by: MappingQualityAvailableReadFilter 
0 read(s) filtered by: MappedReadFilter 
37 read(s) filtered by: NotSecondaryAlignmentReadFilter 
957 read(s) filtered by: NotDuplicateReadFilter 
0 read(s) filtered by: PassesVendorQualityCheckReadFilter 
0 read(s) filtered by: WellformedReadFilter 
6029 total reads filtered
20:22:05.448 INFO  ProgressMeter -       chr17:83134604              0.4                 94096         239318.4
20:22:05.448 INFO  ProgressMeter - Traversal complete. Processed 94096 total reads in 0.4 minutes.
20:22:05.556 INFO  BaseRecalibrator - Calculating quantized quality scores...
20:22:05.581 INFO  BaseRecalibrator - Writing recalibration report...
20:22:05.946 INFO  BaseRecalibrator - ...done!
20:22:05.946 INFO  BaseRecalibrator - BaseRecalibrator was able to recalibrate 94096 reads
20:22:05.946 INFO  BaseRecalibrator - Shutting down engine
[August 4, 2026 8:22:05 PM CEST] org.broadinstitute.hellbender.tools.walkers.bqsr.BaseRecalibrator done. Elapsed time: 0.41 minutes.
Runtime.totalMemory()=5111808000
Using GATK jar /cm/shared/specific/apps/GATK/4.1.8.1-GCCcore-9.3.0-Java-1.8/gatk-package-4.1.8.1-local.jar
Running:
    java -Dsamjdk.use_async_io_read_samtools=false -Dsamjdk.use_async_io_write_samtools=true -Dsamjdk.use_async_io_write_tribble=false -Dsamjdk.compression_level=2 -Xmx10g -jar /cm/shared/specific/apps/GATK/4.1.8.1-GCCcore-9.3.0-Java-1.8/gatk-package-4.1.8.1-local.jar BaseRecalibrator -R ../../example_data/ref/Homo_sapiens_assembly38.chr17.fasta -I results/03_markdup/SRR7890883.chr17_50k.markdup.bam --known-sites ../../example_data/known_sites/dbsnp_146.hg38.chr17.vcf.gz --known-sites ../../example_data/known_sites/Mills_and_1000G_gold_standard.indels.hg38.chr17.vcf.gz -O results/04_bqsr/SRR7890883.recal.table
