20:23:19.432 INFO  NativeLibraryLoader - Loading libgkl_compression.so from jar:file:/cm/shared/specific/apps/GATK/4.1.8.1-GCCcore-9.3.0-Java-1.8/gatk-package-4.1.8.1-local.jar!/com/intel/gkl/native/libgkl_compression.so
Aug 04, 2026 8:23:19 PM shaded.cloud_nio.com.google.auth.oauth2.ComputeEngineCredentials runningOnComputeEngine
INFO: Failed to detect whether we are running on Google Compute Engine.
20:23:19.641 INFO  FilterMutectCalls - ------------------------------------------------------------
20:23:19.641 INFO  FilterMutectCalls - The Genome Analysis Toolkit (GATK) v4.1.8.1
20:23:19.641 INFO  FilterMutectCalls - For support and documentation go to https://software.broadinstitute.org/gatk/
20:23:19.645 INFO  FilterMutectCalls - Executing as ccasey@d008.int.cemm.at on Linux v4.18.0-553.144.1.el8_10.x86_64 amd64
20:23:19.645 INFO  FilterMutectCalls - Java runtime: Java HotSpot(TM) 64-Bit Server VM v1.8.0_311-b11
20:23:19.645 INFO  FilterMutectCalls - Start Date/Time: August 4, 2026 8:23:19 PM CEST
20:23:19.645 INFO  FilterMutectCalls - ------------------------------------------------------------
20:23:19.645 INFO  FilterMutectCalls - ------------------------------------------------------------
20:23:19.645 INFO  FilterMutectCalls - HTSJDK Version: 2.23.0
20:23:19.645 INFO  FilterMutectCalls - Picard Version: 2.22.8
20:23:19.645 INFO  FilterMutectCalls - HTSJDK Defaults.COMPRESSION_LEVEL : 2
20:23:19.645 INFO  FilterMutectCalls - HTSJDK Defaults.USE_ASYNC_IO_READ_FOR_SAMTOOLS : false
20:23:19.645 INFO  FilterMutectCalls - HTSJDK Defaults.USE_ASYNC_IO_WRITE_FOR_SAMTOOLS : true
20:23:19.645 INFO  FilterMutectCalls - HTSJDK Defaults.USE_ASYNC_IO_WRITE_FOR_TRIBBLE : false
20:23:19.646 INFO  FilterMutectCalls - Deflater: IntelDeflater
20:23:19.646 INFO  FilterMutectCalls - Inflater: IntelInflater
20:23:19.646 INFO  FilterMutectCalls - GCS max retries/reopens: 20
20:23:19.646 INFO  FilterMutectCalls - Requester pays: disabled
20:23:19.646 INFO  FilterMutectCalls - Initializing engine
20:23:19.877 INFO  FeatureManager - Using codec VCFCodec to read file file:///nobackup/lab_ccri_bicu/internal/ccasey/projects/core/Introduction_to_Scientific_Computing/session_4/variant_calling_work_dir/results/05_mutect2/SRR7890883.unfiltered.vcf.gz
20:23:19.910 INFO  FilterMutectCalls - Done initializing engine
20:23:20.001 INFO  ProgressMeter - Starting traversal
20:23:20.001 INFO  ProgressMeter -        Current Locus  Elapsed Minutes    Variants Processed  Variants/Minute
20:23:20.002 INFO  FilterMutectCalls - Starting pass 0 through the variants
20:23:21.078 INFO  FilterMutectCalls - Finished pass 0 through the variants
20:23:21.844 INFO  FilterMutectCalls - Starting pass 1 through the variants
20:23:22.222 INFO  FilterMutectCalls - Finished pass 1 through the variants
20:23:22.483 INFO  FilterMutectCalls - Starting pass 2 through the variants
20:23:22.775 INFO  FilterMutectCalls - Finished pass 2 through the variants
20:23:22.777 INFO  FilterMutectCalls - Starting pass 3 through the variants
20:23:23.461 INFO  FilterMutectCalls - Finished pass 3 through the variants
20:23:23.482 INFO  FilterMutectCalls - No variants filtered by: AllowAllVariantsVariantFilter
20:23:23.483 INFO  FilterMutectCalls - 0 read(s) filtered by: AllowAllReadsReadFilter 

20:23:23.483 INFO  ProgressMeter -       chr17:81220083              0.1                  9104         156875.4
20:23:23.483 INFO  ProgressMeter - Traversal complete. Processed 9104 total variants in 0.1 minutes.
20:23:23.519 INFO  FilterMutectCalls - Shutting down engine
[August 4, 2026 8:23:23 PM CEST] org.broadinstitute.hellbender.tools.walkers.mutect.filtering.FilterMutectCalls done. Elapsed time: 0.07 minutes.
Runtime.totalMemory()=2467299328
Using GATK jar /cm/shared/specific/apps/GATK/4.1.8.1-GCCcore-9.3.0-Java-1.8/gatk-package-4.1.8.1-local.jar
Running:
    java -Dsamjdk.use_async_io_read_samtools=false -Dsamjdk.use_async_io_write_samtools=true -Dsamjdk.use_async_io_write_tribble=false -Dsamjdk.compression_level=2 -Xmx10g -jar /cm/shared/specific/apps/GATK/4.1.8.1-GCCcore-9.3.0-Java-1.8/gatk-package-4.1.8.1-local.jar FilterMutectCalls -R ../../example_data/ref/Homo_sapiens_assembly38.chr17.fasta -V results/05_mutect2/SRR7890883.unfiltered.vcf.gz -O results/05_mutect2/SRR7890883.filtered.vcf.gz
