Using GATK jar /home/codespace/miniconda3/envs/somatic_variant_calling/share/gatk4-4.6.2.0-1/gatk-package-4.6.2.0-local.jar
Running:
    java -Dsamjdk.use_async_io_read_samtools=false -Dsamjdk.use_async_io_write_samtools=true -Dsamjdk.use_async_io_write_tribble=false -Dsamjdk.compression_level=2 -Xmx5g -jar /home/codespace/miniconda3/envs/somatic_variant_calling/share/gatk4-4.6.2.0-1/gatk-package-4.6.2.0-local.jar FilterMutectCalls -R /workspaces/Introduction_to_Scientific_Computing/example_data/ref/Homo_sapiens_assembly38.chr17.fasta.gz -V /workspaces/Introduction_to_Scientific_Computing/session_2/variant_calling_work_dir/results/05_mutect2/SRR7890883.unfiltered.vcf.gz -O /workspaces/Introduction_to_Scientific_Computing/session_2/variant_calling_work_dir/results/05_mutect2/SRR7890883.filtered.vcf.gz
13:47:19.038 INFO  NativeLibraryLoader - Loading libgkl_compression.so from jar:file:/home/codespace/miniconda3/envs/somatic_variant_calling/share/gatk4-4.6.2.0-1/gatk-package-4.6.2.0-local.jar!/com/intel/gkl/native/libgkl_compression.so
WARNING: A restricted method in java.lang.System has been called
WARNING: java.lang.System::load has been called by com.intel.gkl.NativeLibraryLoader in an unnamed module (file:/home/codespace/miniconda3/envs/somatic_variant_calling/share/gatk4-4.6.2.0-1/gatk-package-4.6.2.0-local.jar)
WARNING: Use --enable-native-access=ALL-UNNAMED to avoid a warning for callers in this module
WARNING: Restricted methods will be blocked in a future release unless native access is enabled

13:47:19.441 INFO  FilterMutectCalls - ------------------------------------------------------------
13:47:19.445 INFO  FilterMutectCalls - The Genome Analysis Toolkit (GATK) v4.6.2.0
13:47:19.445 INFO  FilterMutectCalls - For support and documentation go to https://software.broadinstitute.org/gatk/
13:47:19.445 INFO  FilterMutectCalls - Executing as codespace@codespaces-fae5d0 on Linux v6.8.0-1052-azure amd64
13:47:19.446 INFO  FilterMutectCalls - Java runtime: OpenJDK 64-Bit Server VM v25.0.2-internal-adhoc.conda.src
13:47:19.446 INFO  FilterMutectCalls - Start Date/Time: August 19, 2026, 1:47:18 PM UTC
13:47:19.446 INFO  FilterMutectCalls - ------------------------------------------------------------
13:47:19.446 INFO  FilterMutectCalls - ------------------------------------------------------------
13:47:19.448 INFO  FilterMutectCalls - HTSJDK Version: 4.2.0
13:47:19.448 INFO  FilterMutectCalls - Picard Version: 3.4.0
13:47:19.448 INFO  FilterMutectCalls - Built for Spark Version: 3.5.0
13:47:19.449 INFO  FilterMutectCalls - HTSJDK Defaults.COMPRESSION_LEVEL : 2
13:47:19.450 INFO  FilterMutectCalls - HTSJDK Defaults.USE_ASYNC_IO_READ_FOR_SAMTOOLS : false
13:47:19.450 INFO  FilterMutectCalls - HTSJDK Defaults.USE_ASYNC_IO_WRITE_FOR_SAMTOOLS : true
13:47:19.450 INFO  FilterMutectCalls - HTSJDK Defaults.USE_ASYNC_IO_WRITE_FOR_TRIBBLE : false
13:47:19.450 INFO  FilterMutectCalls - Deflater: IntelDeflater
13:47:19.451 INFO  FilterMutectCalls - Inflater: IntelInflater
13:47:19.451 INFO  FilterMutectCalls - GCS max retries/reopens: 20
13:47:19.451 INFO  FilterMutectCalls - Requester pays: disabled
13:47:19.452 INFO  FilterMutectCalls - Initializing engine
13:47:19.653 INFO  FeatureManager - Using codec VCFCodec to read file file:///workspaces/Introduction_to_Scientific_Computing/session_2/variant_calling_work_dir/results/05_mutect2/SRR7890883.unfiltered.vcf.gz
13:47:19.856 INFO  FilterMutectCalls - Done initializing engine
13:47:20.019 INFO  ProgressMeter - Starting traversal
13:47:20.020 INFO  ProgressMeter -        Current Locus  Elapsed Minutes    Variants Processed  Variants/Minute
13:47:20.021 INFO  FilterMutectCalls - Starting pass 0 through the variants
13:47:23.253 INFO  FilterMutectCalls - Finished pass 0 through the variants
13:47:24.501 INFO  FilterMutectCalls - Starting pass 1 through the variants
13:47:25.796 INFO  FilterMutectCalls - Finished pass 1 through the variants
13:47:26.150 INFO  FilterMutectCalls - Starting pass 2 through the variants
13:47:27.224 INFO  FilterMutectCalls - Finished pass 2 through the variants
13:47:27.237 INFO  FilterMutectCalls - Starting pass 3 through the variants
13:47:28.801 INFO  FilterMutectCalls - Finished pass 3 through the variants
13:47:28.810 INFO  FilterMutectCalls - No variants filtered by: AllowAllVariantsVariantFilter
13:47:28.812 INFO  FilterMutectCalls - 0 read(s) filtered by: AllowAllReadsReadFilter 

13:47:28.812 INFO  ProgressMeter -       chr17:82177849              0.1                 17084         116601.1
13:47:28.813 INFO  ProgressMeter - Traversal complete. Processed 17084 total variants in 0.1 minutes.
13:47:28.826 INFO  FilterMutectCalls - Shutting down engine
[August 19, 2026, 1:47:28 PM UTC] org.broadinstitute.hellbender.tools.walkers.mutect.filtering.FilterMutectCalls done. Elapsed time: 0.16 minutes.
Runtime.totalMemory()=218103808
