Using GATK jar /nobackup/lab_boztug/projects/ccasey/miniconda3/envs/somatic_variant_calling/share/gatk4-4.4.0.0-0/gatk-package-4.4.0.0-local.jar
Running:
    java -Dsamjdk.use_async_io_read_samtools=false -Dsamjdk.use_async_io_write_samtools=true -Dsamjdk.use_async_io_write_tribble=false -Dsamjdk.compression_level=2 -Xmx10g -jar /nobackup/lab_boztug/projects/ccasey/miniconda3/envs/somatic_variant_calling/share/gatk4-4.4.0.0-0/gatk-package-4.4.0.0-local.jar BaseRecalibrator -R /nobackup/lab_ccri_bicu/internal/ccasey/projects/core/Introduction_to_Scientific_Computing/example_data/ref/Homo_sapiens_assembly38.chr17.fasta -I /nobackup/lab_ccri_bicu/internal/ccasey/projects/core/Introduction_to_Scientific_Computing/session_3/exercise_3/expected_outputs/results/03_markdup/SRR7890883.chr17_50k.markdup.cram --known-sites /nobackup/lab_ccri_bicu/internal/ccasey/projects/core/Introduction_to_Scientific_Computing/example_data/known_sites/dbsnp_146.hg38.chr17.vcf.gz --known-sites /nobackup/lab_ccri_bicu/internal/ccasey/projects/core/Introduction_to_Scientific_Computing/example_data/known_sites/Mills_and_1000G_gold_standard.indels.hg38.chr17.vcf.gz -O /nobackup/lab_ccri_bicu/internal/ccasey/projects/core/Introduction_to_Scientific_Computing/session_3/exercise_3/expected_outputs/results/04_bqsr/SRR7890883.recal.table
16:12:15.475 INFO  NativeLibraryLoader - Loading libgkl_compression.so from jar:file:/nobackup/lab_boztug/projects/ccasey/miniconda3/envs/somatic_variant_calling/share/gatk4-4.4.0.0-0/gatk-package-4.4.0.0-local.jar!/com/intel/gkl/native/libgkl_compression.so
16:12:15.540 INFO  BaseRecalibrator - ------------------------------------------------------------
16:12:15.543 INFO  BaseRecalibrator - The Genome Analysis Toolkit (GATK) v4.4.0.0
16:12:15.543 INFO  BaseRecalibrator - For support and documentation go to https://software.broadinstitute.org/gatk/
16:12:15.544 INFO  BaseRecalibrator - Executing as ccasey@d025 on Linux v4.18.0-553.144.1.el8_10.x86_64 amd64
16:12:15.544 INFO  BaseRecalibrator - Java runtime: OpenJDK 64-Bit Server VM v17.0.3-internal+0-adhoc..src
16:12:15.544 INFO  BaseRecalibrator - Start Date/Time: August 3, 2026 at 4:12:15 PM CEST
16:12:15.544 INFO  BaseRecalibrator - ------------------------------------------------------------
16:12:15.544 INFO  BaseRecalibrator - ------------------------------------------------------------
16:12:15.547 INFO  BaseRecalibrator - HTSJDK Version: 3.0.5
16:12:15.547 INFO  BaseRecalibrator - Picard Version: 3.0.0
16:12:15.547 INFO  BaseRecalibrator - Built for Spark Version: 3.3.1
16:12:15.548 INFO  BaseRecalibrator - HTSJDK Defaults.COMPRESSION_LEVEL : 2
16:12:15.548 INFO  BaseRecalibrator - HTSJDK Defaults.USE_ASYNC_IO_READ_FOR_SAMTOOLS : false
16:12:15.548 INFO  BaseRecalibrator - HTSJDK Defaults.USE_ASYNC_IO_WRITE_FOR_SAMTOOLS : true
16:12:15.548 INFO  BaseRecalibrator - HTSJDK Defaults.USE_ASYNC_IO_WRITE_FOR_TRIBBLE : false
16:12:15.548 INFO  BaseRecalibrator - Deflater: IntelDeflater
16:12:15.548 INFO  BaseRecalibrator - Inflater: IntelInflater
16:12:15.549 INFO  BaseRecalibrator - GCS max retries/reopens: 20
16:12:15.549 INFO  BaseRecalibrator - Requester pays: disabled
16:12:15.549 INFO  BaseRecalibrator - Initializing engine
16:12:15.911 INFO  FeatureManager - Using codec VCFCodec to read file file:///nobackup/lab_ccri_bicu/internal/ccasey/projects/core/Introduction_to_Scientific_Computing/example_data/known_sites/dbsnp_146.hg38.chr17.vcf.gz
16:12:16.004 INFO  FeatureManager - Using codec VCFCodec to read file file:///nobackup/lab_ccri_bicu/internal/ccasey/projects/core/Introduction_to_Scientific_Computing/example_data/known_sites/Mills_and_1000G_gold_standard.indels.hg38.chr17.vcf.gz
16:12:16.159 INFO  BaseRecalibrator - Done initializing engine
16:12:16.165 INFO  BaseRecalibrationEngine - The covariates being used here: 
16:12:16.165 INFO  BaseRecalibrationEngine - 	ReadGroupCovariate
16:12:16.165 INFO  BaseRecalibrationEngine - 	QualityScoreCovariate
16:12:16.165 INFO  BaseRecalibrationEngine - 	ContextCovariate
16:12:16.166 INFO  BaseRecalibrationEngine - 	CycleCovariate
16:12:16.185 INFO  ProgressMeter - Starting traversal
16:12:16.186 INFO  ProgressMeter -        Current Locus  Elapsed Minutes       Reads Processed     Reads/Minute
16:12:26.309 INFO  ProgressMeter -       chr17:32380332              0.2                 33000         195652.2
16:12:36.501 INFO  ProgressMeter -       chr17:81442786              0.3                 87000         256965.6
16:12:37.497 INFO  BaseRecalibrator - 5035 read(s) filtered by: MappingQualityNotZeroReadFilter 
0 read(s) filtered by: MappingQualityAvailableReadFilter 
0 read(s) filtered by: MappedReadFilter 
37 read(s) filtered by: NotSecondaryAlignmentReadFilter 
957 read(s) filtered by: NotDuplicateReadFilter 
0 read(s) filtered by: PassesVendorQualityCheckReadFilter 
0 read(s) filtered by: WellformedReadFilter 
6029 total reads filtered out of 100125 reads processed
16:12:37.498 INFO  ProgressMeter -       chr17:83134604              0.4                 94096         264922.3
16:12:37.498 INFO  ProgressMeter - Traversal complete. Processed 94096 total reads in 0.4 minutes.
16:12:37.581 INFO  BaseRecalibrator - Calculating quantized quality scores...
16:12:37.597 INFO  BaseRecalibrator - Writing recalibration report...
16:12:38.298 INFO  BaseRecalibrator - ...done!
16:12:38.299 INFO  BaseRecalibrator - BaseRecalibrator was able to recalibrate 94096 reads
16:12:38.299 INFO  BaseRecalibrator - Shutting down engine
[August 3, 2026 at 4:12:38 PM CEST] org.broadinstitute.hellbender.tools.walkers.bqsr.BaseRecalibrator done. Elapsed time: 0.38 minutes.
Runtime.totalMemory()=2076049408
