Using GATK jar /nobackup/lab_boztug/projects/ccasey/miniconda3/envs/somatic_variant_calling/share/gatk4-4.4.0.0-0/gatk-package-4.4.0.0-local.jar
Running:
    java -Dsamjdk.use_async_io_read_samtools=false -Dsamjdk.use_async_io_write_samtools=true -Dsamjdk.use_async_io_write_tribble=false -Dsamjdk.compression_level=2 -Xmx10g -jar /nobackup/lab_boztug/projects/ccasey/miniconda3/envs/somatic_variant_calling/share/gatk4-4.4.0.0-0/gatk-package-4.4.0.0-local.jar FilterMutectCalls -R /nobackup/lab_ccri_bicu/internal/ccasey/projects/core/Introduction_to_Scientific_Computing/example_data/ref/Homo_sapiens_assembly38.chr17.fasta -V /nobackup/lab_ccri_bicu/internal/ccasey/projects/core/Introduction_to_Scientific_Computing/session_3/exercise_3/expected_outputs/results/05_mutect2/SRR7890883.unfiltered.vcf.gz -O /nobackup/lab_ccri_bicu/internal/ccasey/projects/core/Introduction_to_Scientific_Computing/session_3/exercise_3/expected_outputs/results/05_mutect2/SRR7890883.filtered.vcf.gz
11:01:43.589 INFO  NativeLibraryLoader - Loading libgkl_compression.so from jar:file:/nobackup/lab_boztug/projects/ccasey/miniconda3/envs/somatic_variant_calling/share/gatk4-4.4.0.0-0/gatk-package-4.4.0.0-local.jar!/com/intel/gkl/native/libgkl_compression.so
11:01:43.631 INFO  FilterMutectCalls - ------------------------------------------------------------
11:01:43.634 INFO  FilterMutectCalls - The Genome Analysis Toolkit (GATK) v4.4.0.0
11:01:43.634 INFO  FilterMutectCalls - For support and documentation go to https://software.broadinstitute.org/gatk/
11:01:43.634 INFO  FilterMutectCalls - Executing as ccasey@d013 on Linux v4.18.0-553.144.1.el8_10.x86_64 amd64
11:01:43.634 INFO  FilterMutectCalls - Java runtime: OpenJDK 64-Bit Server VM v17.0.11-internal+0-adhoc..src
11:01:43.634 INFO  FilterMutectCalls - Start Date/Time: August 3, 2026 at 11:01:43 AM CEST
11:01:43.634 INFO  FilterMutectCalls - ------------------------------------------------------------
11:01:43.634 INFO  FilterMutectCalls - ------------------------------------------------------------
11:01:43.635 INFO  FilterMutectCalls - HTSJDK Version: 3.0.5
11:01:43.635 INFO  FilterMutectCalls - Picard Version: 3.0.0
11:01:43.636 INFO  FilterMutectCalls - Built for Spark Version: 3.3.1
11:01:43.636 INFO  FilterMutectCalls - HTSJDK Defaults.COMPRESSION_LEVEL : 2
11:01:43.636 INFO  FilterMutectCalls - HTSJDK Defaults.USE_ASYNC_IO_READ_FOR_SAMTOOLS : false
11:01:43.636 INFO  FilterMutectCalls - HTSJDK Defaults.USE_ASYNC_IO_WRITE_FOR_SAMTOOLS : true
11:01:43.636 INFO  FilterMutectCalls - HTSJDK Defaults.USE_ASYNC_IO_WRITE_FOR_TRIBBLE : false
11:01:43.636 INFO  FilterMutectCalls - Deflater: IntelDeflater
11:01:43.637 INFO  FilterMutectCalls - Inflater: IntelInflater
11:01:43.637 INFO  FilterMutectCalls - GCS max retries/reopens: 20
11:01:43.637 INFO  FilterMutectCalls - Requester pays: disabled
11:01:43.641 INFO  FilterMutectCalls - Initializing engine
11:01:43.769 INFO  FeatureManager - Using codec VCFCodec to read file file:///nobackup/lab_ccri_bicu/internal/ccasey/projects/core/Introduction_to_Scientific_Computing/session_3/exercise_3/expected_outputs/results/05_mutect2/SRR7890883.unfiltered.vcf.gz
11:01:43.811 INFO  FilterMutectCalls - Done initializing engine
11:01:43.897 INFO  ProgressMeter - Starting traversal
11:01:43.898 INFO  ProgressMeter -        Current Locus  Elapsed Minutes    Variants Processed  Variants/Minute
11:01:43.899 INFO  FilterMutectCalls - Starting pass 0 through the variants
11:01:45.154 WARN  IntelInflater - Zero Bytes Written : 0
11:01:45.492 INFO  FilterMutectCalls - Finished pass 0 through the variants
11:01:46.324 INFO  FilterMutectCalls - Starting pass 1 through the variants
11:01:46.790 WARN  IntelInflater - Zero Bytes Written : 0
11:01:47.048 INFO  FilterMutectCalls - Finished pass 1 through the variants
11:01:47.302 INFO  FilterMutectCalls - Starting pass 2 through the variants
11:01:47.678 WARN  IntelInflater - Zero Bytes Written : 0
11:01:47.888 INFO  FilterMutectCalls - Finished pass 2 through the variants
11:01:47.893 INFO  FilterMutectCalls - Starting pass 3 through the variants
11:01:48.601 WARN  IntelInflater - Zero Bytes Written : 0
11:01:48.926 INFO  FilterMutectCalls - Finished pass 3 through the variants
11:01:48.940 INFO  FilterMutectCalls - No variants filtered by: AllowAllVariantsVariantFilter
11:01:48.941 INFO  FilterMutectCalls - 0 read(s) filtered by: AllowAllReadsReadFilter 

11:01:48.941 INFO  ProgressMeter -       chr17:82177849              0.1                 17084         203260.0
11:01:48.941 INFO  ProgressMeter - Traversal complete. Processed 17084 total variants in 0.1 minutes.
11:01:48.963 INFO  FilterMutectCalls - Shutting down engine
[August 3, 2026 at 11:01:48 AM CEST] org.broadinstitute.hellbender.tools.walkers.mutect.filtering.FilterMutectCalls done. Elapsed time: 0.09 minutes.
Runtime.totalMemory()=1157627904
